// Jest Snapshot v1, https://goo.gl/fbAQLP

exports[`should display the filters list and the expense list 1`] = `
<div>
  Dashboardpage content
</div>
`;
